Hi
hello
hi again
hello again
hi again again
hello again again